2025-08-20 18:15:38,269 - __main__ - ERROR - Excel file not found: OpTransactionHistory15-08-2025.xls
2025-08-20 18:15:38,269 - __main__ - INFO - Please ensure the file 'OpTransactionHistory15-08-2025.xls' is in the current directory
2025-08-20 18:18:39,169 - __main__ - INFO - Parsing Excel file: /Users/sujoymukherjee/code/technoworld/beancount/OpTransactionHistory15-08-2025.xls
2025-08-20 18:18:39,854 - ExcelTemplateManager - ERROR - Template file not found: excel_template.json
2025-08-20 18:18:43,970 - ExcelTransactionParser - INFO - Parsing Excel file: /Users/sujoymukherjee/code/technoworld/beancount/OpTransactionHistory15-08-2025.xls
2025-08-20 18:18:44,083 - ExcelTransactionParser - INFO - Successfully read Excel file with xlrd engine
2025-08-20 18:18:44,083 - ExcelTransactionParser - INFO - Read 1021 rows and 9 columns
2025-08-20 18:18:44,084 - ExcelTransactionParser - INFO - Columns: ['Unnamed: 0', 'Unnamed: 1', 'Unnamed: 2', 'Unnamed: 3', 'Unnamed: 4', 'Unnamed: 5', 'Unnamed: 6', 'Unnamed: 7', 'Unnamed: 8']
2025-08-20 18:18:44,084 - ExcelTransactionParser - WARNING - No template available, falling back to generic parsing
2025-08-20 18:18:44,103 - ExcelTransactionParser - INFO - Analyzing DataFrame structure...
2025-08-20 18:18:44,103 - ExcelTransactionParser - INFO - DataFrame shape: (1021, 8)
2025-08-20 18:18:44,103 - ExcelTransactionParser - INFO - Columns: ['Unnamed: 1', 'Unnamed: 2', 'Unnamed: 3', 'Unnamed: 4', 'Unnamed: 5', 'Unnamed: 6', 'Unnamed: 7', 'Unnamed: 8']
2025-08-20 18:18:44,103 - ExcelTransactionParser - INFO - First 5 rows:
2025-08-20 18:18:44,105 - ExcelTransactionParser - INFO - Row 0: {'Unnamed: 1': 'DETAILED STATEMENT', 'Unnamed: 2': 'nan', 'Unnamed: 3': 'nan', 'Unnamed: 4': 'nan', 'Unnamed: 5': 'nan', 'Unnamed: 6': 'nan', 'Unnamed: 7': 'nan', 'Unnamed: 8': 'nan'}
2025-08-20 18:18:44,105 - ExcelTransactionParser - INFO - Row 1: {'Unnamed: 1': 'Search', 'Unnamed: 2': 'nan', 'Unnamed: 3': 'nan', 'Unnamed: 4': 'nan', 'Unnamed: 5': 'nan', 'Unnamed: 6': 'nan', 'Unnamed: 7': 'nan', 'Unnamed: 8': 'nan'}
2025-08-20 18:18:44,105 - ExcelTransactionParser - INFO - Row 2: {'Unnamed: 1': 'Account Number', 'Unnamed: 2': 'nan', 'Unnamed: 3': '040001002821(INR)  - SOHAM  MUKHERJEE', 'Unnamed: 4': 'nan', 'Unnamed: 5': 'nan', 'Unnamed: 6': 'nan', 'Unnamed: 7': 'nan', 'Unnamed: 8': 'nan'}
2025-08-20 18:18:44,105 - ExcelTransactionParser - INFO - Row 3: {'Unnamed: 1': 'Transaction Date from', 'Unnamed: 2': 'nan', 'Unnamed: 3': '01/01/25', 'Unnamed: 4': 'to', 'Unnamed: 5': '08/15/25', 'Unnamed: 6': 'nan', 'Unnamed: 7': 'nan', 'Unnamed: 8': 'nan'}
2025-08-20 18:18:44,106 - ExcelTransactionParser - INFO - Row 4: {'Unnamed: 1': 'Transaction Period', 'Unnamed: 2': 'nan', 'Unnamed: 3': 'Today', 'Unnamed: 4': 'nan', 'Unnamed: 5': 'nan', 'Unnamed: 6': 'nan', 'Unnamed: 7': 'nan', 'Unnamed: 8': 'nan'}
2025-08-20 18:18:44,106 - ExcelTransactionParser - INFO - Column mapping: {}
2025-08-20 18:18:44,106 - ExcelTransactionParser - WARNING - Could not identify column structure, using generic approach
2025-08-20 18:18:44,106 - ExcelTransactionParser - INFO - Using generic conversion approach
2025-08-20 18:18:45,074 - ExcelTransactionParser - INFO - Converted to 943 transactions
2025-08-20 18:19:38,935 - __main__ - INFO - Successfully parsed 943 transactions
2025-08-20 18:21:30,620 - __main__ - INFO - Classifying transactions...
2025-08-20 18:21:30,622 - TransactionClassifier - INFO - Classifying 943 transactions
2025-08-20 18:38:17,389 - __main__ - INFO - Parsing Excel file: /Users/sujoymukherjee/code/technoworld/beancount/OpTransactionHistory15-08-2025.xls
2025-08-20 18:38:17,390 - ExcelTemplateManager - ERROR - Template file not found: excel_template.json
2025-08-20 18:38:17,390 - ExcelTransactionParser - INFO - Parsing Excel file: /Users/sujoymukherjee/code/technoworld/beancount/OpTransactionHistory15-08-2025.xls
2025-08-20 18:38:17,409 - ExcelTransactionParser - INFO - Successfully read Excel file with xlrd engine
2025-08-20 18:38:17,409 - ExcelTransactionParser - INFO - Read 1021 rows and 9 columns
2025-08-20 18:38:17,410 - ExcelTransactionParser - INFO - Columns: ['Unnamed: 0', 'Unnamed: 1', 'Unnamed: 2', 'Unnamed: 3', 'Unnamed: 4', 'Unnamed: 5', 'Unnamed: 6', 'Unnamed: 7', 'Unnamed: 8']
2025-08-20 18:38:17,410 - ExcelTransactionParser - WARNING - No template available, falling back to generic parsing
2025-08-20 18:38:17,414 - ExcelTransactionParser - INFO - Analyzing DataFrame structure...
2025-08-20 18:38:17,414 - ExcelTransactionParser - INFO - DataFrame shape: (1021, 8)
2025-08-20 18:38:17,414 - ExcelTransactionParser - INFO - Columns: ['Unnamed: 1', 'Unnamed: 2', 'Unnamed: 3', 'Unnamed: 4', 'Unnamed: 5', 'Unnamed: 6', 'Unnamed: 7', 'Unnamed: 8']
2025-08-20 18:38:17,414 - ExcelTransactionParser - INFO - First 5 rows:
2025-08-20 18:38:17,415 - ExcelTransactionParser - INFO - Row 0: {'Unnamed: 1': 'DETAILED STATEMENT', 'Unnamed: 2': 'nan', 'Unnamed: 3': 'nan', 'Unnamed: 4': 'nan', 'Unnamed: 5': 'nan', 'Unnamed: 6': 'nan', 'Unnamed: 7': 'nan', 'Unnamed: 8': 'nan'}
2025-08-20 18:38:17,415 - ExcelTransactionParser - INFO - Row 1: {'Unnamed: 1': 'Search', 'Unnamed: 2': 'nan', 'Unnamed: 3': 'nan', 'Unnamed: 4': 'nan', 'Unnamed: 5': 'nan', 'Unnamed: 6': 'nan', 'Unnamed: 7': 'nan', 'Unnamed: 8': 'nan'}
2025-08-20 18:38:17,415 - ExcelTransactionParser - INFO - Row 2: {'Unnamed: 1': 'Account Number', 'Unnamed: 2': 'nan', 'Unnamed: 3': '040001002821(INR)  - SOHAM  MUKHERJEE', 'Unnamed: 4': 'nan', 'Unnamed: 5': 'nan', 'Unnamed: 6': 'nan', 'Unnamed: 7': 'nan', 'Unnamed: 8': 'nan'}
2025-08-20 18:38:17,415 - ExcelTransactionParser - INFO - Row 3: {'Unnamed: 1': 'Transaction Date from', 'Unnamed: 2': 'nan', 'Unnamed: 3': '01/01/25', 'Unnamed: 4': 'to', 'Unnamed: 5': '08/15/25', 'Unnamed: 6': 'nan', 'Unnamed: 7': 'nan', 'Unnamed: 8': 'nan'}
2025-08-20 18:38:17,415 - ExcelTransactionParser - INFO - Row 4: {'Unnamed: 1': 'Transaction Period', 'Unnamed: 2': 'nan', 'Unnamed: 3': 'Today', 'Unnamed: 4': 'nan', 'Unnamed: 5': 'nan', 'Unnamed: 6': 'nan', 'Unnamed: 7': 'nan', 'Unnamed: 8': 'nan'}
2025-08-20 18:38:17,415 - ExcelTransactionParser - INFO - Column mapping: {}
2025-08-20 18:38:17,415 - ExcelTransactionParser - WARNING - Could not identify column structure, using generic approach
2025-08-20 18:38:17,415 - ExcelTransactionParser - INFO - Using generic conversion approach
2025-08-20 18:38:17,631 - ExcelTransactionParser - INFO - Converted to 943 transactions
2025-08-20 18:38:17,632 - __main__ - INFO - Successfully parsed 943 transactions
2025-08-20 18:38:17,632 - __main__ - INFO - Classifying transactions...
2025-08-20 18:38:17,632 - TransactionClassifier - INFO - Classifying 943 transactions
2025-08-20 18:38:17,651 - TransactionClassifier - INFO - Classification Summary:
2025-08-20 18:38:17,651 - TransactionClassifier - INFO -   salary: 840 transactions (89.1%)
2025-08-20 18:38:17,651 - TransactionClassifier - INFO -   fixed_deposit: 31 transactions (3.3%)
2025-08-20 18:38:17,651 - TransactionClassifier - INFO -   food: 31 transactions (3.3%)
2025-08-20 18:38:17,652 - TransactionClassifier - INFO -   phone: 14 transactions (1.5%)
2025-08-20 18:38:17,652 - TransactionClassifier - INFO -   shopping: 9 transactions (1.0%)
2025-08-20 18:38:17,652 - TransactionClassifier - INFO -   transport: 5 transactions (0.5%)
2025-08-20 18:38:17,652 - TransactionClassifier - INFO -   groceries: 4 transactions (0.4%)
2025-08-20 18:38:17,652 - TransactionClassifier - INFO -   atm: 3 transactions (0.3%)
2025-08-20 18:38:17,652 - TransactionClassifier - INFO -   rent: 2 transactions (0.2%)
2025-08-20 18:38:17,652 - TransactionClassifier - INFO -   refund: 2 transactions (0.2%)
2025-08-20 18:38:17,652 - TransactionClassifier - INFO -   mutual_fund: 1 transactions (0.1%)
2025-08-20 18:38:17,652 - TransactionClassifier - INFO -   medical: 1 transactions (0.1%)
2025-08-20 18:38:17,652 - __main__ - INFO - Saving classified transactions to: /Users/sujoymukherjee/code/technoworld/beancount/classified_OpTransactionHistory15-08-2025.csv
2025-08-20 18:38:17,655 - __main__ - INFO - Generating beancount file: /Users/sujoymukherjee/code/technoworld/beancount/transactions_OpTransactionHistory15-08-2025.beancount
2025-08-20 18:38:17,682 - TransactionClassifier - INFO - Saved 943 beancount entries to /Users/sujoymukherjee/code/technoworld/beancount/transactions_OpTransactionHistory15-08-2025.beancount
2025-08-20 18:38:17,683 - __main__ - INFO - Starting beancount-import post-processing...
2025-08-20 18:38:17,724 - __main__ - INFO - Beancount-import post-processing completed successfully!
2025-08-20 18:38:17,725 - __main__ - INFO - Enhanced transactions: beancount_import_output/enhanced_transactions.beancount
2025-08-20 18:38:17,725 - __main__ - INFO - Web interface files: beancount_import_output
2025-08-20 18:38:17,725 - __main__ - INFO - To start the web interface:
2025-08-20 18:38:17,725 - __main__ - INFO -   cd beancount_import_output
2025-08-20 18:38:17,725 - __main__ - INFO -   python web/start_web_interface.py
2025-08-20 18:38:17,725 - __main__ - INFO - 
==================================================
2025-08-20 18:38:17,725 - __main__ - INFO - TRANSACTION PROCESSING SUMMARY
2025-08-20 18:38:17,725 - __main__ - INFO - ==================================================
2025-08-20 18:38:17,726 - __main__ - INFO - Total Transactions: 943
2025-08-20 18:38:17,726 - __main__ - INFO - Credit Transactions: 943
2025-08-20 18:38:17,726 - __main__ - INFO - Debit Transactions: 943
2025-08-20 18:38:17,727 - __main__ - WARNING - Could not calculate amounts: could not convert string to float: ''
2025-08-20 18:38:17,727 - __main__ - INFO - 
Category Breakdown:
2025-08-20 18:38:17,727 - __main__ - INFO -   salary: 840 (89.1%)
2025-08-20 18:38:17,727 - __main__ - INFO -   fixed_deposit: 31 (3.3%)
2025-08-20 18:38:17,727 - __main__ - INFO -   food: 31 (3.3%)
2025-08-20 18:38:17,727 - __main__ - INFO -   phone: 14 (1.5%)
2025-08-20 18:38:17,727 - __main__ - INFO -   shopping: 9 (1.0%)
2025-08-20 18:38:17,727 - __main__ - INFO -   transport: 5 (0.5%)
2025-08-20 18:38:17,728 - __main__ - INFO -   groceries: 4 (0.4%)
2025-08-20 18:38:17,728 - __main__ - INFO -   atm: 3 (0.3%)
2025-08-20 18:38:17,728 - __main__ - INFO -   rent: 2 (0.2%)
2025-08-20 18:38:17,728 - __main__ - INFO -   refund: 2 (0.2%)
2025-08-20 18:38:17,729 - __main__ - INFO - 
Date Range: 01-01-2025 to 08-12-2025
2025-08-20 18:38:17,729 - __main__ - INFO - ==================================================
2025-08-20 18:38:17,729 - __main__ - INFO - 
BEANCOUNT-IMPORT POST-PROCESSING:
2025-08-20 18:38:17,729 - __main__ - INFO - Enhanced transactions file: beancount_import_output/enhanced_transactions.beancount
2025-08-20 18:38:17,729 - __main__ - INFO - Output directory: beancount_import_output
2025-08-20 18:38:17,729 - __main__ - INFO - Web interface available: True
2025-08-20 18:38:17,729 - __main__ - INFO - 
To start the enhanced web interface:
2025-08-20 18:38:17,729 - __main__ - INFO -   cd beancount_import_output/web
2025-08-20 18:38:17,729 - __main__ - INFO -   python start_web_interface.py
2025-08-20 18:38:17,729 - __main__ - INFO -   Open http://localhost:8080 in your browser
2025-08-20 18:38:17,729 - __main__ - INFO - 
Enhanced features available:
2025-08-20 18:38:17,729 - __main__ - INFO -   ✓ Machine Learning-based account prediction
2025-08-20 18:38:17,729 - __main__ - INFO -   ✓ Web-based transaction review interface
2025-08-20 18:38:17,729 - __main__ - INFO -   ✓ Training system for improved classification
2025-08-20 18:38:17,729 - __main__ - INFO -   ✓ Duplicate transaction detection
2025-08-20 18:38:17,729 - __main__ - INFO -   ✓ Advanced reconciliation capabilities
2025-08-20 18:38:17,729 - __main__ - INFO - ==================================================
2025-08-20 18:38:17,729 - __main__ - INFO - Processing completed successfully!
2025-08-20 18:50:38,872 - __main__ - INFO - Parsing Excel file: /Users/sujoymukherjee/code/technoworld/beancount/OpTransactionHistory15-08-2025.xls
2025-08-20 18:50:38,872 - ExcelTemplateManager - ERROR - Template file not found: excel_template.json
2025-08-20 18:50:38,872 - ExcelTransactionParser - INFO - Parsing Excel file: /Users/sujoymukherjee/code/technoworld/beancount/OpTransactionHistory15-08-2025.xls
2025-08-20 18:50:38,890 - ExcelTransactionParser - INFO - Successfully read Excel file with xlrd engine
2025-08-20 18:50:38,890 - ExcelTransactionParser - INFO - Read 1021 rows and 9 columns
2025-08-20 18:50:38,890 - ExcelTransactionParser - INFO - Columns: ['Unnamed: 0', 'Unnamed: 1', 'Unnamed: 2', 'Unnamed: 3', 'Unnamed: 4', 'Unnamed: 5', 'Unnamed: 6', 'Unnamed: 7', 'Unnamed: 8']
2025-08-20 18:50:38,891 - ExcelTransactionParser - WARNING - No template available, falling back to generic parsing
2025-08-20 18:50:38,896 - ExcelTransactionParser - INFO - Analyzing DataFrame structure...
2025-08-20 18:50:38,896 - ExcelTransactionParser - INFO - DataFrame shape: (1021, 8)
2025-08-20 18:50:38,896 - ExcelTransactionParser - INFO - Columns: ['Unnamed: 1', 'Unnamed: 2', 'Unnamed: 3', 'Unnamed: 4', 'Unnamed: 5', 'Unnamed: 6', 'Unnamed: 7', 'Unnamed: 8']
2025-08-20 18:50:38,896 - ExcelTransactionParser - INFO - First 5 rows:
2025-08-20 18:50:38,896 - ExcelTransactionParser - INFO - Row 0: {'Unnamed: 1': 'DETAILED STATEMENT', 'Unnamed: 2': 'nan', 'Unnamed: 3': 'nan', 'Unnamed: 4': 'nan', 'Unnamed: 5': 'nan', 'Unnamed: 6': 'nan', 'Unnamed: 7': 'nan', 'Unnamed: 8': 'nan'}
2025-08-20 18:50:38,896 - ExcelTransactionParser - INFO - Row 1: {'Unnamed: 1': 'Search', 'Unnamed: 2': 'nan', 'Unnamed: 3': 'nan', 'Unnamed: 4': 'nan', 'Unnamed: 5': 'nan', 'Unnamed: 6': 'nan', 'Unnamed: 7': 'nan', 'Unnamed: 8': 'nan'}
2025-08-20 18:50:38,896 - ExcelTransactionParser - INFO - Row 2: {'Unnamed: 1': 'Account Number', 'Unnamed: 2': 'nan', 'Unnamed: 3': '040001002821(INR)  - SOHAM  MUKHERJEE', 'Unnamed: 4': 'nan', 'Unnamed: 5': 'nan', 'Unnamed: 6': 'nan', 'Unnamed: 7': 'nan', 'Unnamed: 8': 'nan'}
2025-08-20 18:50:38,896 - ExcelTransactionParser - INFO - Row 3: {'Unnamed: 1': 'Transaction Date from', 'Unnamed: 2': 'nan', 'Unnamed: 3': '01/01/25', 'Unnamed: 4': 'to', 'Unnamed: 5': '08/15/25', 'Unnamed: 6': 'nan', 'Unnamed: 7': 'nan', 'Unnamed: 8': 'nan'}
2025-08-20 18:50:38,896 - ExcelTransactionParser - INFO - Row 4: {'Unnamed: 1': 'Transaction Period', 'Unnamed: 2': 'nan', 'Unnamed: 3': 'Today', 'Unnamed: 4': 'nan', 'Unnamed: 5': 'nan', 'Unnamed: 6': 'nan', 'Unnamed: 7': 'nan', 'Unnamed: 8': 'nan'}
2025-08-20 18:50:38,896 - ExcelTransactionParser - INFO - Column mapping: {}
2025-08-20 18:50:38,897 - ExcelTransactionParser - WARNING - Could not identify column structure, using generic approach
2025-08-20 18:50:38,897 - ExcelTransactionParser - INFO - Using generic conversion approach
2025-08-20 18:50:39,117 - ExcelTransactionParser - INFO - Converted to 943 transactions
2025-08-20 18:50:39,118 - __main__ - INFO - Successfully parsed 943 transactions
2025-08-20 18:50:39,118 - __main__ - INFO - Classifying transactions...
2025-08-20 18:50:39,118 - TransactionClassifier - INFO - Classifying 943 transactions
2025-08-20 18:50:39,137 - TransactionClassifier - INFO - Classification Summary:
2025-08-20 18:50:39,137 - TransactionClassifier - INFO -   salary: 840 transactions (89.1%)
2025-08-20 18:50:39,137 - TransactionClassifier - INFO -   fixed_deposit: 31 transactions (3.3%)
2025-08-20 18:50:39,137 - TransactionClassifier - INFO -   food: 31 transactions (3.3%)
2025-08-20 18:50:39,137 - TransactionClassifier - INFO -   phone: 14 transactions (1.5%)
2025-08-20 18:50:39,137 - TransactionClassifier - INFO -   shopping: 9 transactions (1.0%)
2025-08-20 18:50:39,137 - TransactionClassifier - INFO -   transport: 5 transactions (0.5%)
2025-08-20 18:50:39,137 - TransactionClassifier - INFO -   groceries: 4 transactions (0.4%)
2025-08-20 18:50:39,137 - TransactionClassifier - INFO -   atm: 3 transactions (0.3%)
2025-08-20 18:50:39,137 - TransactionClassifier - INFO -   rent: 2 transactions (0.2%)
2025-08-20 18:50:39,137 - TransactionClassifier - INFO -   refund: 2 transactions (0.2%)
2025-08-20 18:50:39,137 - TransactionClassifier - INFO -   mutual_fund: 1 transactions (0.1%)
2025-08-20 18:50:39,138 - TransactionClassifier - INFO -   medical: 1 transactions (0.1%)
2025-08-20 18:50:39,138 - __main__ - INFO - Saving classified transactions to: /Users/sujoymukherjee/code/technoworld/beancount/classified_OpTransactionHistory15-08-2025.csv
2025-08-20 18:50:39,141 - __main__ - INFO - Generating beancount file: /Users/sujoymukherjee/code/technoworld/beancount/transactions_OpTransactionHistory15-08-2025.beancount
2025-08-20 18:50:39,167 - TransactionClassifier - INFO - Saved 943 beancount entries to /Users/sujoymukherjee/code/technoworld/beancount/transactions_OpTransactionHistory15-08-2025.beancount
2025-08-20 18:50:39,167 - __main__ - INFO - Starting beancount-import post-processing...
2025-08-20 18:50:39,210 - __main__ - INFO - Beancount-import post-processing completed successfully!
2025-08-20 18:50:39,210 - __main__ - INFO - Enhanced transactions: /Users/sujoymukherjee/code/technoworld/beancount/beancount_import_output/enhanced_transactions.beancount
2025-08-20 18:50:39,210 - __main__ - INFO - Web interface files: /Users/sujoymukherjee/code/technoworld/beancount/beancount_import_output
2025-08-20 18:50:39,210 - __main__ - INFO - To start the web interface:
2025-08-20 18:50:39,210 - __main__ - INFO -   cd /Users/sujoymukherjee/code/technoworld/beancount/beancount_import_output
2025-08-20 18:50:39,210 - __main__ - INFO -   python web/start_web_interface.py
2025-08-20 18:50:39,210 - __main__ - INFO - 
==================================================
2025-08-20 18:50:39,210 - __main__ - INFO - TRANSACTION PROCESSING SUMMARY
2025-08-20 18:50:39,210 - __main__ - INFO - ==================================================
2025-08-20 18:50:39,211 - __main__ - INFO - Total Transactions: 943
2025-08-20 18:50:39,211 - __main__ - INFO - Credit Transactions: 943
2025-08-20 18:50:39,211 - __main__ - INFO - Debit Transactions: 943
2025-08-20 18:50:39,212 - __main__ - WARNING - Could not calculate amounts: could not convert string to float: ''
2025-08-20 18:50:39,212 - __main__ - INFO - 
Category Breakdown:
2025-08-20 18:50:39,213 - __main__ - INFO -   salary: 840 (89.1%)
2025-08-20 18:50:39,213 - __main__ - INFO -   fixed_deposit: 31 (3.3%)
2025-08-20 18:50:39,213 - __main__ - INFO -   food: 31 (3.3%)
2025-08-20 18:50:39,213 - __main__ - INFO -   phone: 14 (1.5%)
2025-08-20 18:50:39,213 - __main__ - INFO -   shopping: 9 (1.0%)
2025-08-20 18:50:39,213 - __main__ - INFO -   transport: 5 (0.5%)
2025-08-20 18:50:39,213 - __main__ - INFO -   groceries: 4 (0.4%)
2025-08-20 18:50:39,213 - __main__ - INFO -   atm: 3 (0.3%)
2025-08-20 18:50:39,213 - __main__ - INFO -   rent: 2 (0.2%)
2025-08-20 18:50:39,213 - __main__ - INFO -   refund: 2 (0.2%)
2025-08-20 18:50:39,215 - __main__ - INFO - 
Date Range: 01-01-2025 to 08-12-2025
2025-08-20 18:50:39,215 - __main__ - INFO - ==================================================
2025-08-20 18:50:39,215 - __main__ - INFO - 
BEANCOUNT-IMPORT POST-PROCESSING:
2025-08-20 18:50:39,215 - __main__ - INFO - Enhanced transactions file: /Users/sujoymukherjee/code/technoworld/beancount/beancount_import_output/enhanced_transactions.beancount
2025-08-20 18:50:39,215 - __main__ - INFO - Output directory: /Users/sujoymukherjee/code/technoworld/beancount/beancount_import_output
2025-08-20 18:50:39,215 - __main__ - INFO - Web interface available: True
2025-08-20 18:50:39,215 - __main__ - INFO - 
To start the enhanced web interface:
2025-08-20 18:50:39,215 - __main__ - INFO -   cd /Users/sujoymukherjee/code/technoworld/beancount/beancount_import_output/web
2025-08-20 18:50:39,215 - __main__ - INFO -   python start_web_interface.py
2025-08-20 18:50:39,215 - __main__ - INFO -   Open http://localhost:8080 in your browser
2025-08-20 18:50:39,215 - __main__ - INFO - 
Enhanced features available:
2025-08-20 18:50:39,215 - __main__ - INFO -   ✓ Machine Learning-based account prediction
2025-08-20 18:50:39,215 - __main__ - INFO -   ✓ Web-based transaction review interface
2025-08-20 18:50:39,215 - __main__ - INFO -   ✓ Training system for improved classification
2025-08-20 18:50:39,215 - __main__ - INFO -   ✓ Duplicate transaction detection
2025-08-20 18:50:39,215 - __main__ - INFO -   ✓ Advanced reconciliation capabilities
2025-08-20 18:50:39,215 - __main__ - INFO - ==================================================
2025-08-20 18:50:39,215 - __main__ - INFO - Processing completed successfully!
2025-08-20 18:54:42,479 - __main__ - INFO - Parsing Excel file: /Users/sujoymukherjee/code/technoworld/beancount/OpTransactionHistory15-08-2025.xls
2025-08-20 18:54:42,479 - ExcelTemplateManager - ERROR - Template file not found: excel_template.json
2025-08-20 18:54:42,479 - ExcelTransactionParser - INFO - Parsing Excel file: /Users/sujoymukherjee/code/technoworld/beancount/OpTransactionHistory15-08-2025.xls
2025-08-20 18:54:42,497 - ExcelTransactionParser - INFO - Successfully read Excel file with xlrd engine
2025-08-20 18:54:42,497 - ExcelTransactionParser - INFO - Read 1021 rows and 9 columns
2025-08-20 18:54:42,497 - ExcelTransactionParser - INFO - Columns: ['Unnamed: 0', 'Unnamed: 1', 'Unnamed: 2', 'Unnamed: 3', 'Unnamed: 4', 'Unnamed: 5', 'Unnamed: 6', 'Unnamed: 7', 'Unnamed: 8']
2025-08-20 18:54:42,497 - ExcelTransactionParser - WARNING - No template available, falling back to generic parsing
2025-08-20 18:54:42,502 - ExcelTransactionParser - INFO - Analyzing DataFrame structure...
2025-08-20 18:54:42,503 - ExcelTransactionParser - INFO - DataFrame shape: (1021, 8)
2025-08-20 18:54:42,503 - ExcelTransactionParser - INFO - Columns: ['Unnamed: 1', 'Unnamed: 2', 'Unnamed: 3', 'Unnamed: 4', 'Unnamed: 5', 'Unnamed: 6', 'Unnamed: 7', 'Unnamed: 8']
2025-08-20 18:54:42,503 - ExcelTransactionParser - INFO - First 5 rows:
2025-08-20 18:54:42,503 - ExcelTransactionParser - INFO - Row 0: {'Unnamed: 1': 'DETAILED STATEMENT', 'Unnamed: 2': 'nan', 'Unnamed: 3': 'nan', 'Unnamed: 4': 'nan', 'Unnamed: 5': 'nan', 'Unnamed: 6': 'nan', 'Unnamed: 7': 'nan', 'Unnamed: 8': 'nan'}
2025-08-20 18:54:42,503 - ExcelTransactionParser - INFO - Row 1: {'Unnamed: 1': 'Search', 'Unnamed: 2': 'nan', 'Unnamed: 3': 'nan', 'Unnamed: 4': 'nan', 'Unnamed: 5': 'nan', 'Unnamed: 6': 'nan', 'Unnamed: 7': 'nan', 'Unnamed: 8': 'nan'}
2025-08-20 18:54:42,503 - ExcelTransactionParser - INFO - Row 2: {'Unnamed: 1': 'Account Number', 'Unnamed: 2': 'nan', 'Unnamed: 3': '040001002821(INR)  - SOHAM  MUKHERJEE', 'Unnamed: 4': 'nan', 'Unnamed: 5': 'nan', 'Unnamed: 6': 'nan', 'Unnamed: 7': 'nan', 'Unnamed: 8': 'nan'}
2025-08-20 18:54:42,503 - ExcelTransactionParser - INFO - Row 3: {'Unnamed: 1': 'Transaction Date from', 'Unnamed: 2': 'nan', 'Unnamed: 3': '01/01/25', 'Unnamed: 4': 'to', 'Unnamed: 5': '08/15/25', 'Unnamed: 6': 'nan', 'Unnamed: 7': 'nan', 'Unnamed: 8': 'nan'}
2025-08-20 18:54:42,503 - ExcelTransactionParser - INFO - Row 4: {'Unnamed: 1': 'Transaction Period', 'Unnamed: 2': 'nan', 'Unnamed: 3': 'Today', 'Unnamed: 4': 'nan', 'Unnamed: 5': 'nan', 'Unnamed: 6': 'nan', 'Unnamed: 7': 'nan', 'Unnamed: 8': 'nan'}
2025-08-20 18:54:42,503 - ExcelTransactionParser - INFO - Column mapping: {}
2025-08-20 18:54:42,503 - ExcelTransactionParser - WARNING - Could not identify column structure, using generic approach
2025-08-20 18:54:42,503 - ExcelTransactionParser - INFO - Using generic conversion approach
2025-08-20 18:54:42,720 - ExcelTransactionParser - INFO - Converted to 943 transactions
2025-08-20 18:54:42,721 - __main__ - INFO - Successfully parsed 943 transactions
2025-08-20 18:54:42,721 - __main__ - INFO - Classifying transactions...
2025-08-20 18:54:42,721 - TransactionClassifier - INFO - Classifying 943 transactions
2025-08-20 18:54:42,740 - TransactionClassifier - INFO - Classification Summary:
2025-08-20 18:54:42,740 - TransactionClassifier - INFO -   salary: 840 transactions (89.1%)
2025-08-20 18:54:42,740 - TransactionClassifier - INFO -   fixed_deposit: 31 transactions (3.3%)
2025-08-20 18:54:42,740 - TransactionClassifier - INFO -   food: 31 transactions (3.3%)
2025-08-20 18:54:42,740 - TransactionClassifier - INFO -   phone: 14 transactions (1.5%)
2025-08-20 18:54:42,740 - TransactionClassifier - INFO -   shopping: 9 transactions (1.0%)
2025-08-20 18:54:42,740 - TransactionClassifier - INFO -   transport: 5 transactions (0.5%)
2025-08-20 18:54:42,740 - TransactionClassifier - INFO -   groceries: 4 transactions (0.4%)
2025-08-20 18:54:42,741 - TransactionClassifier - INFO -   atm: 3 transactions (0.3%)
2025-08-20 18:54:42,741 - TransactionClassifier - INFO -   rent: 2 transactions (0.2%)
2025-08-20 18:54:42,741 - TransactionClassifier - INFO -   refund: 2 transactions (0.2%)
2025-08-20 18:54:42,741 - TransactionClassifier - INFO -   mutual_fund: 1 transactions (0.1%)
2025-08-20 18:54:42,741 - TransactionClassifier - INFO -   medical: 1 transactions (0.1%)
2025-08-20 18:54:42,741 - __main__ - INFO - Saving classified transactions to: /Users/sujoymukherjee/code/technoworld/beancount/classified_OpTransactionHistory15-08-2025.csv
2025-08-20 18:54:42,744 - __main__ - INFO - Generating beancount file: /Users/sujoymukherjee/code/technoworld/beancount/transactions_OpTransactionHistory15-08-2025.beancount
2025-08-20 18:54:42,770 - TransactionClassifier - INFO - Saved 943 beancount entries to /Users/sujoymukherjee/code/technoworld/beancount/transactions_OpTransactionHistory15-08-2025.beancount
2025-08-20 18:54:42,770 - __main__ - INFO - Starting beancount-import post-processing...
2025-08-20 18:54:42,812 - __main__ - INFO - Beancount-import post-processing completed successfully!
2025-08-20 18:54:42,812 - __main__ - INFO - Enhanced transactions: /Users/sujoymukherjee/code/technoworld/beancount/beancount_import_output/enhanced_transactions.beancount
2025-08-20 18:54:42,812 - __main__ - INFO - Web interface files: /Users/sujoymukherjee/code/technoworld/beancount/beancount_import_output
2025-08-20 18:54:42,812 - __main__ - INFO - To start the web interface:
2025-08-20 18:54:42,812 - __main__ - INFO -   cd /Users/sujoymukherjee/code/technoworld/beancount/beancount_import_output
2025-08-20 18:54:42,812 - __main__ - INFO -   python web/start_web_interface.py
2025-08-20 18:54:42,812 - __main__ - INFO - 
==================================================
2025-08-20 18:54:42,812 - __main__ - INFO - TRANSACTION PROCESSING SUMMARY
2025-08-20 18:54:42,812 - __main__ - INFO - ==================================================
2025-08-20 18:54:42,813 - __main__ - INFO - Total Transactions: 943
2025-08-20 18:54:42,813 - __main__ - INFO - Credit Transactions: 943
2025-08-20 18:54:42,813 - __main__ - INFO - Debit Transactions: 943
2025-08-20 18:54:42,814 - __main__ - WARNING - Could not calculate amounts: could not convert string to float: ''
2025-08-20 18:54:42,814 - __main__ - INFO - 
Category Breakdown:
2025-08-20 18:54:42,814 - __main__ - INFO -   salary: 840 (89.1%)
2025-08-20 18:54:42,814 - __main__ - INFO -   fixed_deposit: 31 (3.3%)
2025-08-20 18:54:42,814 - __main__ - INFO -   food: 31 (3.3%)
2025-08-20 18:54:42,814 - __main__ - INFO -   phone: 14 (1.5%)
2025-08-20 18:54:42,814 - __main__ - INFO -   shopping: 9 (1.0%)
2025-08-20 18:54:42,814 - __main__ - INFO -   transport: 5 (0.5%)
2025-08-20 18:54:42,814 - __main__ - INFO -   groceries: 4 (0.4%)
2025-08-20 18:54:42,814 - __main__ - INFO -   atm: 3 (0.3%)
2025-08-20 18:54:42,814 - __main__ - INFO -   rent: 2 (0.2%)
2025-08-20 18:54:42,814 - __main__ - INFO -   refund: 2 (0.2%)
2025-08-20 18:54:42,816 - __main__ - INFO - 
Date Range: 01-01-2025 to 08-12-2025
2025-08-20 18:54:42,816 - __main__ - INFO - ==================================================
2025-08-20 18:54:42,816 - __main__ - INFO - 
BEANCOUNT-IMPORT POST-PROCESSING:
2025-08-20 18:54:42,816 - __main__ - INFO - Enhanced transactions file: /Users/sujoymukherjee/code/technoworld/beancount/beancount_import_output/enhanced_transactions.beancount
2025-08-20 18:54:42,816 - __main__ - INFO - Output directory: /Users/sujoymukherjee/code/technoworld/beancount/beancount_import_output
2025-08-20 18:54:42,816 - __main__ - INFO - Web interface available: True
2025-08-20 18:54:42,816 - __main__ - INFO - 
To start the enhanced web interface:
2025-08-20 18:54:42,816 - __main__ - INFO -   cd /Users/sujoymukherjee/code/technoworld/beancount/beancount_import_output/web
2025-08-20 18:54:42,816 - __main__ - INFO -   python start_web_interface.py
2025-08-20 18:54:42,816 - __main__ - INFO -   Open http://localhost:8080 in your browser
2025-08-20 18:54:42,816 - __main__ - INFO - 
Enhanced features available:
2025-08-20 18:54:42,816 - __main__ - INFO -   ✓ Machine Learning-based account prediction
2025-08-20 18:54:42,816 - __main__ - INFO -   ✓ Web-based transaction review interface
2025-08-20 18:54:42,816 - __main__ - INFO -   ✓ Training system for improved classification
2025-08-20 18:54:42,816 - __main__ - INFO -   ✓ Duplicate transaction detection
2025-08-20 18:54:42,816 - __main__ - INFO -   ✓ Advanced reconciliation capabilities
2025-08-20 18:54:42,816 - __main__ - INFO - ==================================================
2025-08-20 18:54:42,816 - __main__ - INFO - Processing completed successfully!
2025-08-20 18:57:26,338 - __main__ - INFO - Parsing Excel file: /Users/sujoymukherjee/code/technoworld/beancount/OpTransactionHistory15-08-2025.xls
2025-08-20 18:57:26,338 - ExcelTemplateManager - ERROR - Template file not found: excel_template.json
2025-08-20 18:57:26,338 - ExcelTransactionParser - INFO - Parsing Excel file: /Users/sujoymukherjee/code/technoworld/beancount/OpTransactionHistory15-08-2025.xls
2025-08-20 18:57:26,357 - ExcelTransactionParser - INFO - Successfully read Excel file with xlrd engine
2025-08-20 18:57:26,358 - ExcelTransactionParser - INFO - Read 1021 rows and 9 columns
2025-08-20 18:57:26,358 - ExcelTransactionParser - INFO - Columns: ['Unnamed: 0', 'Unnamed: 1', 'Unnamed: 2', 'Unnamed: 3', 'Unnamed: 4', 'Unnamed: 5', 'Unnamed: 6', 'Unnamed: 7', 'Unnamed: 8']
2025-08-20 18:57:26,358 - ExcelTransactionParser - WARNING - No template available, falling back to generic parsing
2025-08-20 18:57:26,363 - ExcelTransactionParser - INFO - Analyzing DataFrame structure...
2025-08-20 18:57:26,363 - ExcelTransactionParser - INFO - DataFrame shape: (1021, 8)
2025-08-20 18:57:26,363 - ExcelTransactionParser - INFO - Columns: ['Unnamed: 1', 'Unnamed: 2', 'Unnamed: 3', 'Unnamed: 4', 'Unnamed: 5', 'Unnamed: 6', 'Unnamed: 7', 'Unnamed: 8']
2025-08-20 18:57:26,363 - ExcelTransactionParser - INFO - First 5 rows:
2025-08-20 18:57:26,363 - ExcelTransactionParser - INFO - Row 0: {'Unnamed: 1': 'DETAILED STATEMENT', 'Unnamed: 2': 'nan', 'Unnamed: 3': 'nan', 'Unnamed: 4': 'nan', 'Unnamed: 5': 'nan', 'Unnamed: 6': 'nan', 'Unnamed: 7': 'nan', 'Unnamed: 8': 'nan'}
2025-08-20 18:57:26,363 - ExcelTransactionParser - INFO - Row 1: {'Unnamed: 1': 'Search', 'Unnamed: 2': 'nan', 'Unnamed: 3': 'nan', 'Unnamed: 4': 'nan', 'Unnamed: 5': 'nan', 'Unnamed: 6': 'nan', 'Unnamed: 7': 'nan', 'Unnamed: 8': 'nan'}
2025-08-20 18:57:26,363 - ExcelTransactionParser - INFO - Row 2: {'Unnamed: 1': 'Account Number', 'Unnamed: 2': 'nan', 'Unnamed: 3': '040001002821(INR)  - SOHAM  MUKHERJEE', 'Unnamed: 4': 'nan', 'Unnamed: 5': 'nan', 'Unnamed: 6': 'nan', 'Unnamed: 7': 'nan', 'Unnamed: 8': 'nan'}
2025-08-20 18:57:26,364 - ExcelTransactionParser - INFO - Row 3: {'Unnamed: 1': 'Transaction Date from', 'Unnamed: 2': 'nan', 'Unnamed: 3': '01/01/25', 'Unnamed: 4': 'to', 'Unnamed: 5': '08/15/25', 'Unnamed: 6': 'nan', 'Unnamed: 7': 'nan', 'Unnamed: 8': 'nan'}
2025-08-20 18:57:26,364 - ExcelTransactionParser - INFO - Row 4: {'Unnamed: 1': 'Transaction Period', 'Unnamed: 2': 'nan', 'Unnamed: 3': 'Today', 'Unnamed: 4': 'nan', 'Unnamed: 5': 'nan', 'Unnamed: 6': 'nan', 'Unnamed: 7': 'nan', 'Unnamed: 8': 'nan'}
2025-08-20 18:57:26,364 - ExcelTransactionParser - INFO - Column mapping: {}
2025-08-20 18:57:26,364 - ExcelTransactionParser - WARNING - Could not identify column structure, using generic approach
2025-08-20 18:57:26,364 - ExcelTransactionParser - INFO - Using generic conversion approach
2025-08-20 18:57:26,583 - ExcelTransactionParser - INFO - Converted to 943 transactions
2025-08-20 18:57:26,584 - __main__ - INFO - Successfully parsed 943 transactions
2025-08-20 18:57:26,584 - __main__ - INFO - Classifying transactions...
2025-08-20 18:57:26,584 - TransactionClassifier - INFO - Classifying 943 transactions
2025-08-20 18:57:26,603 - TransactionClassifier - INFO - Classification Summary:
2025-08-20 18:57:26,603 - TransactionClassifier - INFO -   salary: 840 transactions (89.1%)
2025-08-20 18:57:26,603 - TransactionClassifier - INFO -   fixed_deposit: 31 transactions (3.3%)
2025-08-20 18:57:26,603 - TransactionClassifier - INFO -   food: 31 transactions (3.3%)
2025-08-20 18:57:26,603 - TransactionClassifier - INFO -   phone: 14 transactions (1.5%)
2025-08-20 18:57:26,603 - TransactionClassifier - INFO -   shopping: 9 transactions (1.0%)
2025-08-20 18:57:26,603 - TransactionClassifier - INFO -   transport: 5 transactions (0.5%)
2025-08-20 18:57:26,603 - TransactionClassifier - INFO -   groceries: 4 transactions (0.4%)
2025-08-20 18:57:26,603 - TransactionClassifier - INFO -   atm: 3 transactions (0.3%)
2025-08-20 18:57:26,603 - TransactionClassifier - INFO -   rent: 2 transactions (0.2%)
2025-08-20 18:57:26,603 - TransactionClassifier - INFO -   refund: 2 transactions (0.2%)
2025-08-20 18:57:26,603 - TransactionClassifier - INFO -   mutual_fund: 1 transactions (0.1%)
2025-08-20 18:57:26,603 - TransactionClassifier - INFO -   medical: 1 transactions (0.1%)
2025-08-20 18:57:26,603 - __main__ - INFO - Saving classified transactions to: /Users/sujoymukherjee/code/technoworld/beancount/classified_OpTransactionHistory15-08-2025.csv
2025-08-20 18:57:26,607 - __main__ - INFO - Generating beancount file: /Users/sujoymukherjee/code/technoworld/beancount/transactions_OpTransactionHistory15-08-2025.beancount
2025-08-20 18:57:26,633 - TransactionClassifier - INFO - Saved 943 beancount entries to /Users/sujoymukherjee/code/technoworld/beancount/transactions_OpTransactionHistory15-08-2025.beancount
2025-08-20 18:57:26,633 - __main__ - INFO - Starting beancount-import post-processing...
2025-08-20 18:57:26,676 - __main__ - INFO - Beancount-import post-processing completed successfully!
2025-08-20 18:57:26,676 - __main__ - INFO - Enhanced transactions: /Users/sujoymukherjee/code/technoworld/beancount/beancount_import_output/enhanced_transactions.beancount
2025-08-20 18:57:26,676 - __main__ - INFO - Web interface files: /Users/sujoymukherjee/code/technoworld/beancount/beancount_import_output
2025-08-20 18:57:26,676 - __main__ - INFO - To start the web interface:
2025-08-20 18:57:26,676 - __main__ - INFO -   cd /Users/sujoymukherjee/code/technoworld/beancount/beancount_import_output
2025-08-20 18:57:26,676 - __main__ - INFO -   python web/start_web_interface.py
2025-08-20 18:57:26,676 - __main__ - INFO - 
==================================================
2025-08-20 18:57:26,676 - __main__ - INFO - TRANSACTION PROCESSING SUMMARY
2025-08-20 18:57:26,676 - __main__ - INFO - ==================================================
2025-08-20 18:57:26,677 - __main__ - INFO - Total Transactions: 943
2025-08-20 18:57:26,677 - __main__ - INFO - Credit Transactions: 943
2025-08-20 18:57:26,677 - __main__ - INFO - Debit Transactions: 943
2025-08-20 18:57:26,679 - __main__ - WARNING - Could not calculate amounts: could not convert string to float: ''
2025-08-20 18:57:26,679 - __main__ - INFO - 
Category Breakdown:
2025-08-20 18:57:26,679 - __main__ - INFO -   salary: 840 (89.1%)
2025-08-20 18:57:26,679 - __main__ - INFO -   fixed_deposit: 31 (3.3%)
2025-08-20 18:57:26,679 - __main__ - INFO -   food: 31 (3.3%)
2025-08-20 18:57:26,679 - __main__ - INFO -   phone: 14 (1.5%)
2025-08-20 18:57:26,679 - __main__ - INFO -   shopping: 9 (1.0%)
2025-08-20 18:57:26,679 - __main__ - INFO -   transport: 5 (0.5%)
2025-08-20 18:57:26,679 - __main__ - INFO -   groceries: 4 (0.4%)
2025-08-20 18:57:26,679 - __main__ - INFO -   atm: 3 (0.3%)
2025-08-20 18:57:26,679 - __main__ - INFO -   rent: 2 (0.2%)
2025-08-20 18:57:26,679 - __main__ - INFO -   refund: 2 (0.2%)
2025-08-20 18:57:26,681 - __main__ - INFO - 
Date Range: 01-01-2025 to 08-12-2025
2025-08-20 18:57:26,681 - __main__ - INFO - ==================================================
2025-08-20 18:57:26,681 - __main__ - INFO - 
BEANCOUNT-IMPORT POST-PROCESSING:
2025-08-20 18:57:26,681 - __main__ - INFO - Enhanced transactions file: /Users/sujoymukherjee/code/technoworld/beancount/beancount_import_output/enhanced_transactions.beancount
2025-08-20 18:57:26,681 - __main__ - INFO - Output directory: /Users/sujoymukherjee/code/technoworld/beancount/beancount_import_output
2025-08-20 18:57:26,681 - __main__ - INFO - Web interface available: True
2025-08-20 18:57:26,681 - __main__ - INFO - 
To start the enhanced web interface:
2025-08-20 18:57:26,681 - __main__ - INFO -   cd /Users/sujoymukherjee/code/technoworld/beancount/beancount_import_output/web
2025-08-20 18:57:26,681 - __main__ - INFO -   python start_web_interface.py
2025-08-20 18:57:26,681 - __main__ - INFO -   Open http://localhost:8080 in your browser
2025-08-20 18:57:26,681 - __main__ - INFO - 
Enhanced features available:
2025-08-20 18:57:26,681 - __main__ - INFO -   ✓ Machine Learning-based account prediction
2025-08-20 18:57:26,681 - __main__ - INFO -   ✓ Web-based transaction review interface
2025-08-20 18:57:26,681 - __main__ - INFO -   ✓ Training system for improved classification
2025-08-20 18:57:26,681 - __main__ - INFO -   ✓ Duplicate transaction detection
2025-08-20 18:57:26,681 - __main__ - INFO -   ✓ Advanced reconciliation capabilities
2025-08-20 18:57:26,681 - __main__ - INFO - ==================================================
2025-08-20 18:57:26,681 - __main__ - INFO - Processing completed successfully!
2025-08-22 17:42:07,934 - __main__ - INFO - Parsing Excel file: /Users/sujoymukherjee/code/technoworld/beancount/parsed_transactions.xlsx
2025-08-22 17:42:07,936 - ExcelTemplateManager - ERROR - Template file not found: excel_template.json
2025-08-22 17:42:07,937 - ExcelTransactionParser - INFO - Parsing Excel file: /Users/sujoymukherjee/code/technoworld/beancount/parsed_transactions.xlsx
2025-08-22 17:42:07,964 - ExcelTransactionParser - WARNING - Failed to read with xlrd: Excel xlsx file; not supported
2025-08-22 17:42:08,200 - ExcelTransactionParser - INFO - Successfully read Excel file with openpyxl engine
2025-08-22 17:42:08,200 - ExcelTransactionParser - INFO - Read 1576 rows and 5 columns
2025-08-22 17:42:08,200 - ExcelTransactionParser - INFO - Columns: ['Date', 'Particulars', 'Deposits', 'Withdrawals', 'Balance']
2025-08-22 17:42:08,200 - ExcelTransactionParser - WARNING - No template available, falling back to generic parsing
2025-08-22 17:42:08,210 - ExcelTransactionParser - INFO - Analyzing DataFrame structure...
2025-08-22 17:42:08,210 - ExcelTransactionParser - INFO - DataFrame shape: (1576, 5)
2025-08-22 17:42:08,210 - ExcelTransactionParser - INFO - Columns: ['Date', 'Particulars', 'Deposits', 'Withdrawals', 'Balance']
2025-08-22 17:42:08,210 - ExcelTransactionParser - INFO - First 5 rows:
2025-08-22 17:42:08,211 - ExcelTransactionParser - INFO - Row 0: {'Date': '01-04-2024', 'Particulars': 'B/F', 'Deposits': 'nan', 'Withdrawals': 'nan', 'Balance': '1,83,159.12'}
2025-08-22 17:42:08,211 - ExcelTransactionParser - INFO - Row 1: {'Date': '02-04-2024', 'Particulars': 'UPI/445884777318/UPI/q253491369@ybl/Yes Bank Ltd/ICI3cb579864dce4c329c9a4dd73c244794/', 'Deposits': 'nan', 'Withdrawals': '40.00', 'Balance': '1,83,119.12'}
2025-08-22 17:42:08,211 - ExcelTransactionParser - INFO - Row 2: {'Date': '02-04-2024', 'Particulars': 'UPI/409277081815/Pay To Chai  Kin/bharatpe.904222/ICICI Bank/ICIc64163ce453b4685a4443837d7449b3d/', 'Deposits': 'nan', 'Withdrawals': '110.00', 'Balance': '1,83,009.12'}
2025-08-22 17:42:08,211 - ExcelTransactionParser - INFO - Row 3: {'Date': '02-04-2024', 'Particulars': 'UPI/445804687902/UPI/paytmqr175gf4yx/Yes Bank Ltd/ICI687682dc6d034db0a46231b453c03aba/', 'Deposits': 'nan', 'Withdrawals': '149.00', 'Balance': '1,82,860.12'}
2025-08-22 17:42:08,212 - ExcelTransactionParser - INFO - Row 4: {'Date': '02-04-2024', 'Particulars': 'UPI/445831088006/UPI/paytm-75616@pay/Yes Bank Ltd/ICI0ad1b107909845868c8d636aee1dd95b/', 'Deposits': 'nan', 'Withdrawals': '225.00', 'Balance': '1,82,635.12'}
2025-08-22 17:42:08,212 - ExcelTransactionParser - INFO - Column mapping: {'date': 'Date', 'description': 'Particulars', 'credit': 'Deposits', 'debit': 'Withdrawals', 'balance': 'Balance'}
2025-08-22 17:42:08,300 - ExcelTransactionParser - INFO - Converted to 1509 transactions
2025-08-22 17:42:08,300 - __main__ - INFO - Successfully parsed 1509 transactions
2025-08-22 17:42:08,304 - __main__ - INFO - Classifying transactions...
2025-08-22 17:42:08,304 - TransactionClassifier - INFO - Classifying 1509 transactions
2025-08-22 17:43:06,235 - TransactionClassifier - INFO - Classification Summary:
2025-08-22 17:43:06,235 - TransactionClassifier - INFO -   unknown: 742 transactions (49.2%)
2025-08-22 17:43:06,235 - TransactionClassifier - INFO -   salary: 486 transactions (32.2%)
2025-08-22 17:43:06,235 - TransactionClassifier - INFO -   fixed_deposit: 132 transactions (8.7%)
2025-08-22 17:43:06,235 - TransactionClassifier - INFO -   food: 30 transactions (2.0%)
2025-08-22 17:43:06,235 - TransactionClassifier - INFO -   phone: 27 transactions (1.8%)
2025-08-22 17:43:06,235 - TransactionClassifier - INFO -   transport: 27 transactions (1.8%)
2025-08-22 17:43:06,235 - TransactionClassifier - INFO -   shopping: 19 transactions (1.3%)
2025-08-22 17:43:06,235 - TransactionClassifier - INFO -   atm: 17 transactions (1.1%)
2025-08-22 17:43:06,236 - TransactionClassifier - INFO -   entertainment: 7 transactions (0.5%)
2025-08-22 17:43:06,236 - TransactionClassifier - INFO -   medical: 6 transactions (0.4%)
2025-08-22 17:43:06,236 - TransactionClassifier - INFO -   refund: 6 transactions (0.4%)
2025-08-22 17:43:06,236 - TransactionClassifier - INFO -   groceries: 5 transactions (0.3%)
2025-08-22 17:43:06,236 - TransactionClassifier - INFO -   utilities: 5 transactions (0.3%)
2025-08-22 17:43:06,236 - __main__ - INFO - Saving classified transactions to: /Users/sujoymukherjee/code/technoworld/beancount/classified_parsed_transactions.csv
2025-08-22 17:43:06,245 - __main__ - INFO - Generating beancount file: /Users/sujoymukherjee/code/technoworld/beancount/transactions_parsed_transactions.beancount
2025-08-22 17:43:06,305 - TransactionClassifier - INFO - Saved 1509 beancount entries to /Users/sujoymukherjee/code/technoworld/beancount/transactions_parsed_transactions.beancount
2025-08-22 17:43:06,305 - __main__ - INFO - Starting beancount-import post-processing...
2025-08-22 17:43:06,466 - __main__ - INFO - Beancount-import post-processing completed successfully!
2025-08-22 17:43:06,466 - __main__ - INFO - Enhanced transactions: /Users/sujoymukherjee/code/technoworld/beancount/beancount_import_output/enhanced_transactions.beancount
2025-08-22 17:43:06,466 - __main__ - INFO - Web interface files: /Users/sujoymukherjee/code/technoworld/beancount/beancount_import_output
2025-08-22 17:43:06,466 - __main__ - INFO - To start the web interface:
2025-08-22 17:43:06,466 - __main__ - INFO -   cd /Users/sujoymukherjee/code/technoworld/beancount/beancount_import_output
2025-08-22 17:43:06,466 - __main__ - INFO -   python web/start_web_interface.py
2025-08-22 17:43:06,466 - __main__ - INFO - 
==================================================
2025-08-22 17:43:06,467 - __main__ - INFO - TRANSACTION PROCESSING SUMMARY
2025-08-22 17:43:06,467 - __main__ - INFO - ==================================================
2025-08-22 17:43:06,470 - __main__ - INFO - Total Transactions: 1509
2025-08-22 17:43:06,470 - __main__ - INFO - Credit Transactions: 1509
2025-08-22 17:43:06,470 - __main__ - INFO - Debit Transactions: 1509
2025-08-22 17:43:06,472 - __main__ - WARNING - Could not calculate amounts: could not convert string to float: ''
2025-08-22 17:43:06,472 - __main__ - INFO - 
Category Breakdown:
2025-08-22 17:43:06,473 - __main__ - INFO -   unknown: 742 (49.2%)
2025-08-22 17:43:06,473 - __main__ - INFO -   salary: 486 (32.2%)
2025-08-22 17:43:06,473 - __main__ - INFO -   fixed_deposit: 132 (8.7%)
2025-08-22 17:43:06,473 - __main__ - INFO -   food: 30 (2.0%)
2025-08-22 17:43:06,473 - __main__ - INFO -   phone: 27 (1.8%)
2025-08-22 17:43:06,473 - __main__ - INFO -   transport: 27 (1.8%)
2025-08-22 17:43:06,473 - __main__ - INFO -   shopping: 19 (1.3%)
2025-08-22 17:43:06,473 - __main__ - INFO -   atm: 17 (1.1%)
2025-08-22 17:43:06,473 - __main__ - INFO -   entertainment: 7 (0.5%)
2025-08-22 17:43:06,473 - __main__ - INFO -   medical: 6 (0.4%)
2025-08-22 17:43:06,477 - __main__ - INFO - 
Date Range: 02-04-2024 to 31-03-2025
2025-08-22 17:43:06,477 - __main__ - INFO - ==================================================
2025-08-22 17:43:06,477 - __main__ - INFO - 
BEANCOUNT-IMPORT POST-PROCESSING:
2025-08-22 17:43:06,477 - __main__ - INFO - Enhanced transactions file: /Users/sujoymukherjee/code/technoworld/beancount/beancount_import_output/enhanced_transactions.beancount
2025-08-22 17:43:06,477 - __main__ - INFO - Output directory: /Users/sujoymukherjee/code/technoworld/beancount/beancount_import_output
2025-08-22 17:43:06,477 - __main__ - INFO - Web interface available: True
2025-08-22 17:43:06,477 - __main__ - INFO - 
To start the enhanced web interface:
2025-08-22 17:43:06,478 - __main__ - INFO -   cd /Users/sujoymukherjee/code/technoworld/beancount/beancount_import_output/web
2025-08-22 17:43:06,478 - __main__ - INFO -   python start_web_interface.py
2025-08-22 17:43:06,478 - __main__ - INFO -   Open http://localhost:8080 in your browser
2025-08-22 17:43:06,478 - __main__ - INFO - 
Enhanced features available:
2025-08-22 17:43:06,478 - __main__ - INFO -   ✓ Machine Learning-based account prediction
2025-08-22 17:43:06,478 - __main__ - INFO -   ✓ Web-based transaction review interface
2025-08-22 17:43:06,478 - __main__ - INFO -   ✓ Training system for improved classification
2025-08-22 17:43:06,478 - __main__ - INFO -   ✓ Duplicate transaction detection
2025-08-22 17:43:06,478 - __main__ - INFO -   ✓ Advanced reconciliation capabilities
2025-08-22 17:43:06,478 - __main__ - INFO - ==================================================
2025-08-22 17:43:06,478 - __main__ - INFO - Processing completed successfully!
